// Jest Snapshot v1, https://goo.gl/fbAQLP

exports[`Circle snapshot tests Circle with head 1`] = `
<DocumentFragment>
  <div
    class="content "
  >
    <div
      class="text text_type_input text_color_input mb-4 absolute head string"
      data-testid="head"
    >
      head
    </div>
    <div
      class="circle   default"
      data-testid="circle"
    >
      <p
        class="text text_type_circle text_color_input letter"
        data-testid="letter"
      />
    </div>
    <p
      class="text text_type_input text_color_input mt-4 absolute index"
    />
    <div
      class="text text_type_input text_color_input mt-4 absolute tail30 element"
      data-testid="tail"
    />
  </div>
</DocumentFragment>
`;

exports[`Circle snapshot tests Circle with head react-element 1`] = `
<DocumentFragment>
  <div
    class="content "
  >
    <div
      class="text text_type_input text_color_input mb-4 absolute head element"
      data-testid="head"
    >
      <button
        class="text_type_button text_color_primary button undefined false "
        type="button"
      >
        <p
          class="text undefined"
        />
      </button>
    </div>
    <div
      class="circle   default"
      data-testid="circle"
    >
      <p
        class="text text_type_circle text_color_input letter"
        data-testid="letter"
      />
    </div>
    <p
      class="text text_type_input text_color_input mt-4 absolute index"
    />
    <div
      class="text text_type_input text_color_input mt-4 absolute tail30 element"
      data-testid="tail"
    />
  </div>
</DocumentFragment>
`;

exports[`Circle snapshot tests Circle with index 1`] = `
<DocumentFragment>
  <div
    class="content "
  >
    <div
      class="text text_type_input text_color_input mb-4 absolute head element"
      data-testid="head"
    />
    <div
      class="circle   default"
      data-testid="circle"
    >
      <p
        class="text text_type_circle text_color_input letter"
        data-testid="letter"
      />
    </div>
    <p
      class="text text_type_input text_color_input mt-4 absolute index"
    >
      5
    </p>
    <div
      class="text text_type_input text_color_input mt-4 absolute tail60 element"
      data-testid="tail"
    />
  </div>
</DocumentFragment>
`;

exports[`Circle snapshot tests Circle with isSmall === true 1`] = `
<DocumentFragment>
  <div
    class="content "
  >
    <div
      class="text text_type_input text_color_input mb-4 absolute head element"
      data-testid="head"
    />
    <div
      class="circle  small default"
      data-testid="circle"
    >
      <p
        class="text text_type_circle text_color_input letter"
        data-testid="letter"
      />
    </div>
    <p
      class="text text_type_input text_color_input mt-4 absolute index"
    />
    <div
      class="text text_type_input text_color_input mt-4 absolute tail30 element"
      data-testid="tail"
    />
  </div>
</DocumentFragment>
`;

exports[`Circle snapshot tests Circle with letter as number 1`] = `
<DocumentFragment>
  <div
    class="content "
  >
    <div
      class="text text_type_input text_color_input mb-4 absolute head element"
      data-testid="head"
    />
    <div
      class="circle   default"
      data-testid="circle"
    >
      <p
        class="text text_type_circle text_color_input letter"
        data-testid="letter"
      >
        5
      </p>
    </div>
    <p
      class="text text_type_input text_color_input mt-4 absolute index"
    />
    <div
      class="text text_type_input text_color_input mt-4 absolute tail30 element"
      data-testid="tail"
    />
  </div>
</DocumentFragment>
`;

exports[`Circle snapshot tests Circle with letter as string 1`] = `
<DocumentFragment>
  <div
    class="content "
  >
    <div
      class="text text_type_input text_color_input mb-4 absolute head element"
      data-testid="head"
    />
    <div
      class="circle   default"
      data-testid="circle"
    >
      <p
        class="text text_type_circle text_color_input letter"
        data-testid="letter"
      >
        5
      </p>
    </div>
    <p
      class="text text_type_input text_color_input mt-4 absolute index"
    />
    <div
      class="text text_type_input text_color_input mt-4 absolute tail30 element"
      data-testid="tail"
    />
  </div>
</DocumentFragment>
`;

exports[`Circle snapshot tests Circle with state changing 1`] = `
<DocumentFragment>
  <div
    class="content "
  >
    <div
      class="text text_type_input text_color_input mb-4 absolute head element"
      data-testid="head"
    />
    <div
      class="circle   changing"
      data-testid="circle"
    >
      <p
        class="text text_type_circle text_color_input letter"
        data-testid="letter"
      />
    </div>
    <p
      class="text text_type_input text_color_input mt-4 absolute index"
    />
    <div
      class="text text_type_input text_color_input mt-4 absolute tail30 element"
      data-testid="tail"
    />
  </div>
</DocumentFragment>
`;

exports[`Circle snapshot tests Circle with state default 1`] = `
<DocumentFragment>
  <div
    class="content "
  >
    <div
      class="text text_type_input text_color_input mb-4 absolute head element"
      data-testid="head"
    />
    <div
      class="circle   default"
      data-testid="circle"
    >
      <p
        class="text text_type_circle text_color_input letter"
        data-testid="letter"
      />
    </div>
    <p
      class="text text_type_input text_color_input mt-4 absolute index"
    />
    <div
      class="text text_type_input text_color_input mt-4 absolute tail30 element"
      data-testid="tail"
    />
  </div>
</DocumentFragment>
`;

exports[`Circle snapshot tests Circle with state modified 1`] = `
<DocumentFragment>
  <div
    class="content "
  >
    <div
      class="text text_type_input text_color_input mb-4 absolute head element"
      data-testid="head"
    />
    <div
      class="circle   modified"
      data-testid="circle"
    >
      <p
        class="text text_type_circle text_color_input letter"
        data-testid="letter"
      />
    </div>
    <p
      class="text text_type_input text_color_input mt-4 absolute index"
    />
    <div
      class="text text_type_input text_color_input mt-4 absolute tail30 element"
      data-testid="tail"
    />
  </div>
</DocumentFragment>
`;

exports[`Circle snapshot tests Circle with tail 1`] = `
<DocumentFragment>
  <div
    class="content "
  >
    <div
      class="text text_type_input text_color_input mb-4 absolute head element"
      data-testid="head"
    />
    <div
      class="circle   default"
      data-testid="circle"
    >
      <p
        class="text text_type_circle text_color_input letter"
        data-testid="letter"
      >
        tail
      </p>
    </div>
    <p
      class="text text_type_input text_color_input mt-4 absolute index"
    />
    <div
      class="text text_type_input text_color_input mt-4 absolute tail30 element"
      data-testid="tail"
    />
  </div>
</DocumentFragment>
`;

exports[`Circle snapshot tests Circle with tail react-element 1`] = `
<DocumentFragment>
  <div
    class="content "
  >
    <div
      class="text text_type_input text_color_input mb-4 absolute head element"
      data-testid="head"
    />
    <div
      class="circle   default"
      data-testid="circle"
    >
      <p
        class="text text_type_circle text_color_input letter"
        data-testid="letter"
      />
    </div>
    <p
      class="text text_type_input text_color_input mt-4 absolute index"
    />
    <div
      class="text text_type_input text_color_input mt-4 absolute tail30 element"
      data-testid="tail"
    >
      <button
        class="text_type_button text_color_primary button undefined false "
        type="button"
      >
        <p
          class="text undefined"
        />
      </button>
    </div>
  </div>
</DocumentFragment>
`;

exports[`Circle snapshot tests Circle without props 1`] = `
<DocumentFragment>
  <div
    class="content "
  >
    <div
      class="text text_type_input text_color_input mb-4 absolute head element"
      data-testid="head"
    />
    <div
      class="circle   default"
      data-testid="circle"
    >
      <p
        class="text text_type_circle text_color_input letter"
        data-testid="letter"
      />
    </div>
    <p
      class="text text_type_input text_color_input mt-4 absolute index"
    />
    <div
      class="text text_type_input text_color_input mt-4 absolute tail30 element"
      data-testid="tail"
    />
  </div>
</DocumentFragment>
`;
